../Core/Src/main.c:137:6:setpwm	16	static
../Core/Src/main.c:148:6:getDifference	24	static
../Core/Src/main.c:167:6:HAL_GPIO_EXTI_Callback	16	static
../Core/Src/main.c:178:6:Transmit_SERIAL_USB	24	static
../Core/Src/main.c:194:6:INIT	4	static
../Core/Src/main.c:220:6:calcPID	48	static
../Core/Src/main.c:239:6:ischar	16	static
../Core/Src/main.c:254:6:readchar	24	static
../Core/Src/main.c:279:6:toggleDirection	16	static
../Core/Src/main.c:294:8:get_distance	4	static
../Core/Src/main.c:299:8:calc_distance	16	static
../Core/Src/main.c:302:6:startRotation	16	static
../Core/Src/main.c:326:8:TURN_RIGHT_LEFT_WITH_TIME	88	static
../Core/Src/main.c:364:8:TURN_RIGHT_LEFT	120	static
../Core/Src/main.c:418:6:process	248	static
../Core/Src/main.c:585:7:comProcess	32	static
../Core/Src/main.c:612:6:HAL_ADC_ConvCpltCallback	16	static
../Core/Src/main.c:619:6:HAL_TIM_PeriodElapsedCallback	16	static
../Core/Src/main.c:650:6:resetCalc	16	static
../Core/Src/main.c:655:6:saveRPM	4	static
../Core/Src/main.c:663:7:calcRPM	24	static
../Core/Src/main.c:676:6:selfStart	16	static
../Core/Src/main.c:691:6:printRPM	32	static
../Core/Src/main.c:707:6:printPID	64	static
../Core/Src/main.c:722:8:calc_theta	16	static
../Core/Src/main.c:726:8:getArcLength	16	static
../Core/Src/main.c:730:6:printVariables	32	static
../Core/Src/main.c:737:6:handleAcc	16	static
../Core/Src/main.c:746:6:reverseWheel	16	static
../Core/Src/main.c:761:6:reverseBothWheels	8	static
../Core/Src/main.c:766:6:magnetometer	40	static
../Core/Src/main.c:811:5:main	128	static
../Core/Src/main.c:1034:6:SystemClock_Config	88	static
../Core/Src/main.c:1077:13:MX_ADC1_Init	24	static
../Core/Src/main.c:1158:13:MX_I2C1_Init	8	static
../Core/Src/main.c:1190:13:MX_TIM1_Init	96	static
../Core/Src/main.c:1265:13:MX_TIM2_Init	32	static
../Core/Src/main.c:1307:13:MX_USART2_UART_Init	8	static
../Core/Src/main.c:1336:13:MX_DMA_Init	16	static
../Core/Src/main.c:1353:13:MX_GPIO_Init	40	static
../Core/Src/main.c:1398:6:Error_Handler	4	static,ignoring_inline_asm
